<testsuites>
  <testsuite>
    <testcase classname="alkin" name="alkinale_001" time="38" status="PASSED">
    </testcase>
    <testcase classname="matprop" name="matpropb_001" time="8" status="FAILRUN">
       <failure message="FAILRUN" type="0">Fail run</failure>
    </testcase>
  </testsuite>
</testsuites>

